// Jest Snapshot v1, https://goo.gl/fbAQLP

exports[`Client side Anilist getList should return a valid list 1`] = `
Array [
  Object {
    "completedAt": Object {
      "day": 0,
      "month": 0,
      "year": 0,
    },
    "id": 1,
    "progress": 0,
    "progressVolumes": undefined,
    "repeat": 0,
    "score": 0,
    "startedAt": Object {
      "day": 0,
      "month": 0,
      "year": 0,
    },
    "status": "CURRENT",
    "title": "test",
    "type": "anime",
  },
  Object {
    "completedAt": Object {
      "day": 0,
      "month": 0,
      "year": 0,
    },
    "id": 1,
    "progress": 0,
    "progressVolumes": 0,
    "repeat": 1,
    "score": 0,
    "startedAt": Object {
      "day": 0,
      "month": 0,
      "year": 0,
    },
    "status": "CURRENT",
    "title": "test",
    "type": "manga",
  },
]
`;

exports[`Client side Anilist getList with empty results 1`] = `"No data found for user test"`;

exports[`Client side Anilist getList with network error 1`] = `"No data found for user test"`;
