// Jest Snapshot v1, https://goo.gl/fbAQLP

exports[`Client side Anilist getList should return a valid list 1`] = `
Array [
  Object {
    "id": 0,
    "progress": 12,
    "score": 10,
    "status": "COMPLETED",
    "title": "test",
    "type": "anime",
    "volumes": undefined,
  },
  Object {
    "id": 0,
    "progress": 12,
    "score": 10,
    "status": "COMPLETED",
    "title": "test",
    "type": "manga",
    "volumes": 1,
  },
]
`;

exports[`Client side Anilist getList with empty results 1`] = `"No data found for user test"`;

exports[`Client side Anilist getList with network error 1`] = `"No data found for user test"`;
